OK, F/P UID
OK, F/P GID
OK F_UID seems correct.
OK F_GID seems correct.
OK P_UID seems correct.
OK P_GID seems correct.
