File: check1
 owner: S-1-1-0
 group: S-1-5-32-545
OK, owner has been changed.
OK, group has changed.
