Ok, file present.
Ok, proper content found.
Ok append, proper content found.
