OK now-1
OK now-2
OK now-3
OK now-5
OK now-6
OK access-8
OK access-9
OK access-10
OK access-12
OK mod-15
OK mod-16
OK mod-17
OK mod-19
OK mod-20
OK change-22
OK change-23
OK change-24
OK change-26
OK change-27
