HOME = <home>
MYENV = val
OS = Windows_NT
PATH = <path>
PWD = <pwd>
USER = <user>
1 ----------
HOME = <home>
MYENV = val
OS = Windows_NT
PATH = <path>
PWD = <pwd>
USER = <user>
2 ----------
HOME = <home>
OS = Windows_NT
PATH = <path>
PWD = <pwd>
USER = <user>
ada = this is ada
3 ----------
4 ----------
5 ----------
length  1
Only = one
